Microchip MPLAB XC8 Compiler V3.00

Linker command line:

-W-3 \
  --edf=C:\Program Files\Microchip\xc8\v3.00\pic\dat\20241204225717_en.msgs \
  -cn -h+dist/default/debug\Project.X.debug.sym \
  --cmf=dist/default/debug\Project.X.debug.cmf -z -Q18F4550 \
  -oC:\Users\Mateus\AppData\Local\Temp\xcAsemc.\driver_tmp_3.o \
  --defsym=__MPLAB_BUILD=1 --fixupoverflow=error \
  -Mdist/default/debug/Project.X.debug.map \
  --md=C:\Users\Mateus\AppData\Local\Temp\xcAsemc.\driver_tmp_0.dat -E1 \
  -ver=XC8 Compiler -ACODE=00h-07FFFh -ACONST=00h-07FFFh \
  -ASMALLCONST=0800h-08FFhx120 -AMEDIUMCONST=0800h-07FFFh -ACOMRAM=01h-05Fh \
  -AABS1=00h-07FFh -ABIGRAM=01h-07FFh -ARAM=060h-0FFh,0100h-01FFhx7 \
  -ABANK0=060h-0FFh -ABANK1=0100h-01FFh -ABANK2=0200h-02FFh \
  -ABANK3=0300h-03FFh -ABANK4=0400h-04FFh -ABANK5=0500h-05FFh \
  -ABANK6=0600h-06FFh -ABANK7=0700h-07FFh -ASFR=0F60h-0FFFh \
  -ABIGSFR=0F60h-0FFFh -ACONFIG=0300000h-030000Dh -AIDLOC=0200000h-0200007h \
  -AEEDATA=0F00000h-0F000FFh -peeprom_data=EEDATA \
  -preset_vec=00h,intcode=8h,intcodelo=18h,sivt_lo,sivt_hi=CODE \
  -ppowerup=CODE,init -pramtop=0800h -psmallconst=SMALLCONST \
  -pmediumconst=MEDIUMCONST -pconst=CONST -AFARRAM=00h-00h \
  -prdata=COMRAM,nvrram=COMRAM,nvbit=COMRAM,rbss=COMRAM,rbit=COMRAM \
  -pfarbss=FARRAM,fardata=FARRAM,nvFARRAM=FARRAM \
  -pintsave_regs=BIGRAM,bigbss=BIGRAM,bigdata=BIGRAM -pbss=RAM \
  -pidata=CODE,irdata=CODE,ibigdata=CODE,ifardata=CODE -prparam=COMRAM \
  C:\Users\Mateus\AppData\Local\Temp\xcAsemc.\driver_tmp_14.o \
  dist/default/debug\Project.X.debug.o 

Object code version is 3.11

Machine type is 18F4550



                Name                               Link     Load   Length Selector   Space Scale
C:\Users\Mateus\AppData\Local\Temp\xcAsemc.\driver_tmp_14.o
                idloc                            200000   200000        8        0       5
                config                           300000   300000        E        0       4
                init                                  E        E        4        4       0
                reset_vec                             0        0        4        0       0
dist/default/debug\Project.X.debug.o
                intcode                               8        8        6        4       0
                idloc                            200000   200000        8        0       5
                config                           300000   300000        E        0       4
                temp                                 5F       5F        1        1       1
                mediumconst                        7E32     7E32      1CE     3F19       0
                text95                             6658     6658       4A        4       0
                text94                             6B22     6B22       36        4       0
                text93                             6D72     6D72       10        4       0
                text92                             6C78     6C78       2A        4       0
                text91                             63C4     63C4       5E        4       0
                text90                             6B8A     6B8A       32        4       0
                text89                             6D96     6D96        A        4       0
                text88                             6992     6992       3E        4       0
                text87                             6D20     6D20       18        4       0
                text86                             6954     6954       3E        4       0
                text85                             480A     480A      1A4        4       0
                text84                             5E88     5E88       A2        4       0
                text83                             6804     6804       46        4       0
                text82                             61B8     61B8       72        4       0
                text81                             56EA     56EA       F6        4       0
                text80                             54E6     54E6      104        4       0
                text79                             3F4E     3F4E      1CA        4       0
                text78                             21A6     21A6      4B6        4       0
                text77                             67BE     67BE       46        4       0
                text76                             5F2A     5F2A       A0        4       0
                text75                             53E0     53E0      106        4       0
                text74                             6A44     6A44       3A        4       0
                text73                             605A     605A       78        4       0
                text72                             323C     323C      390        4       0
                text71                             2A84     2A84      426        4       0
                text70                             4656     4656      1B4        4       0
                text69                             5DE2     5DE2       A6        4       0
                text68                             4F66     4F66      138        4       0
                intcode_body                       4CB4     4CB4      172        4       0
                text66                             6D60     6D60       12        4       0
                text65                             6BEC     6BEC       30        4       0
                text64                             6364     6364       60        4       0
                text63                             6A7E     6A7E       38        4       0
                text62                             68D2     68D2       42        4       0
                text61                             6B58     6B58       32        4       0
                text60                             6D8C     6D8C        A        4       0
                text59                             688E     688E       44        4       0
                text58                             6CEE     6CEE       1A        4       0
                text57                             684A     684A       44        4       0
                text56                             42E0     42E0      1BE        4       0
                text55                             5B28     5B28       B4        4       0
                text54                             6778     6778       46        4       0
                text53                             60D2     60D2       74        4       0
                text52                             6296     6296       68        4       0
                text51                             4118     4118      1C8        4       0
                text50                             2EAA     2EAA      392        4       0
                text49                             5C8C     5C8C       AC        4       0
                text48                             52DA     52DA      106        4       0
                text47                             265C     265C      428        4       0
                text46                             6A0A     6A0A       3A        4       0
                text45                             622A     622A       6C        4       0
                text44                             6CA2     6CA2       28        4       0
                text43                             449E     449E      1B8        4       0
                text42                             6C4A     6C4A       2E        4       0
                text41                             647A     647A       56        4       0
                text40                             6CCA     6CCA       24        4       0
                text39                             6BBC     6BBC       30        4       0
                text38                               12       12     1264        4       0
                text37                             4B34     4B34      180        4       0
                text36                             5A64     5A64       C4        4       0
                text35                             5BDC     5BDC       B0        4       0
                text34                             6AEC     6AEC       36        4       0
                text33                             6DA4     6DA4        2        4       0
                text32                             58D2     58D2       CC        4       0
                text31                             66EA     66EA       48        4       0
                text30                             6146     6146       72        4       0
                text29                             49AE     49AE      186        4       0
                text28                             1CEE     1CEE      4B8        4       0
                text27                             66A2     66A2       48        4       0
                text26                             51D2     51D2      108        4       0
                text25                             55EA     55EA      100        4       0
                text24                             3D38     3D38      216        4       0
                text23                             6422     6422       58        4       0
                text22                             6522     6522       52        4       0
                text21                             69D0     69D0       3A        4       0
                text20                             1276     1276      A78        4       0
                text19                             599E     599E       C6        4       0
                text18                             35CC     35CC      2DE        4       0
                text17                             64D0     64D0       52        4       0
                text16                             6574     6574       50        4       0
                text15                             3B20     3B20      218        4       0
                text14                             509E     509E      134        4       0
                text13                             6D4C     6D4C       14        4       0
                text12                             6D38     6D38       14        4       0
                text11                             6732     6732       46        4       0
                text10                             57E0     57E0       F2        4       0
                text9                              660E     660E       4A        4       0
                text8                              6AB6     6AB6       36        4       0
                text7                              65C4     65C4       4A        4       0
                text6                              6C1C     6C1C       2E        4       0
                text5                              6D08     6D08       18        4       0
                text4                              6914     6914       40        4       0
                text3                              5D38     5D38       AA        4       0
                text2                              4E26     4E26      140        4       0
                text1                              38AA     38AA      276        4       0
                text0                              5FCA     5FCA       90        4       0
                cstackCOMRAM                          1        1       5E        1       1
                cstackBANK0                          60       60       75       60       1
                cstackBANK1                         100      100       7B      100       1
                dataBANK1                           1F3      1F3        A      100       1
                bssBANK1                            17B      17B       78      100       1
                dataBANK0                            E6       E6        4       60       1
                bssBANK0                             D5       D5       11       60       1
                cinit                              62FE     62FE       66        4       0
                idataBANK1                         6D82     6D82        A        4       0
                idataBANK0                         6DA0     6DA0        4        4       0

TOTAL           Name                               Link     Load   Length     Space
        CLASS   CODE           
                intcode                               8        8        6         0
                init                                  E        E        4         0
                reset_vec                             0        0        4         0
                text95                             6658     6658       4A         0
                text94                             6B22     6B22       36         0
                text93                             6D72     6D72       10         0
                text92                             6C78     6C78       2A         0
                text91                             63C4     63C4       5E         0
                text90                             6B8A     6B8A       32         0
                text89                             6D96     6D96        A         0
                text88                             6992     6992       3E         0
                text87                             6D20     6D20       18         0
                text86                             6954     6954       3E         0
                text85                             480A     480A      1A4         0
                text84                             5E88     5E88       A2         0
                text83                             6804     6804       46         0
                text82                             61B8     61B8       72         0
                text81                             56EA     56EA       F6         0
                text80                             54E6     54E6      104         0
                text79                             3F4E     3F4E      1CA         0
                text78                             21A6     21A6      4B6         0
                text77                             67BE     67BE       46         0
                text76                             5F2A     5F2A       A0         0
                text75                             53E0     53E0      106         0
                text74                             6A44     6A44       3A         0
                text73                             605A     605A       78         0
                text72                             323C     323C      390         0
                text71                             2A84     2A84      426         0
                text70                             4656     4656      1B4         0
                text69                             5DE2     5DE2       A6         0
                text68                             4F66     4F66      138         0
                intcode_body                       4CB4     4CB4      172         0
                text66                             6D60     6D60       12         0
                text65                             6BEC     6BEC       30         0
                text64                             6364     6364       60         0
                text63                             6A7E     6A7E       38         0
                text62                             68D2     68D2       42         0
                text61                             6B58     6B58       32         0
                text60                             6D8C     6D8C        A         0
                text59                             688E     688E       44         0
                text58                             6CEE     6CEE       1A         0
                text57                             684A     684A       44         0
                text56                             42E0     42E0      1BE         0
                text55                             5B28     5B28       B4         0
                text54                             6778     6778       46         0
                text53                             60D2     60D2       74         0
                text52                             6296     6296       68         0
                text51                             4118     4118      1C8         0
                text50                             2EAA     2EAA      392         0
                text49                             5C8C     5C8C       AC         0
                text48                             52DA     52DA      106         0
                text47                             265C     265C      428         0
                text46                             6A0A     6A0A       3A         0
                text45                             622A     622A       6C         0
                text44                             6CA2     6CA2       28         0
                text43                             449E     449E      1B8         0
                text42                             6C4A     6C4A       2E         0
                text41                             647A     647A       56         0
                text40                             6CCA     6CCA       24         0
                text39                             6BBC     6BBC       30         0
                text38                               12       12     1264         0
                text37                             4B34     4B34      180         0
                text36                             5A64     5A64       C4         0
                text35                             5BDC     5BDC       B0         0
                text34                             6AEC     6AEC       36         0
                text33                             6DA4     6DA4        2         0
                text32                             58D2     58D2       CC         0
                text31                             66EA     66EA       48         0
                text30                             6146     6146       72         0
                text29                             49AE     49AE      186         0
                text28                             1CEE     1CEE      4B8         0
                text27                             66A2     66A2       48         0
                text26                             51D2     51D2      108         0
                text25                             55EA     55EA      100         0
                text24                             3D38     3D38      216         0
                text23                             6422     6422       58         0
                text22                             6522     6522       52         0
                text21                             69D0     69D0       3A         0
                text20                             1276     1276      A78         0
                text19                             599E     599E       C6         0
                text18                             35CC     35CC      2DE         0
                text17                             64D0     64D0       52         0
                text16                             6574     6574       50         0
                text15                             3B20     3B20      218         0
                text14                             509E     509E      134         0
                text13                             6D4C     6D4C       14         0
                text12                             6D38     6D38       14         0
                text11                             6732     6732       46         0
                text10                             57E0     57E0       F2         0
                text9                              660E     660E       4A         0
                text8                              6AB6     6AB6       36         0
                text7                              65C4     65C4       4A         0
                text6                              6C1C     6C1C       2E         0
                text5                              6D08     6D08       18         0
                text4                              6914     6914       40         0
                text3                              5D38     5D38       AA         0
                text2                              4E26     4E26      140         0
                text1                              38AA     38AA      276         0
                text0                              5FCA     5FCA       90         0
                cinit                              62FE     62FE       66         0
                idataBANK1                         6D82     6D82        A         0
                idataBANK0                         6DA0     6DA0        4         0

        CLASS   CONST          

        CLASS   SMALLCONST     

        CLASS   MEDIUMCONST    
                mediumconst                        7E32     7E32      1CE         0

        CLASS   COMRAM         
                temp                                 5F       5F        1         1
                cstackCOMRAM                          1        1       5E         1

        CLASS   ABS1           

        CLASS   BIGRAM         

        CLASS   RAM            

        CLASS   BANK0          
                cstackBANK0                          60       60       75         1
                dataBANK0                            E6       E6        4         1
                bssBANK0                             D5       D5       11         1

        CLASS   BANK1          
                cstackBANK1                         100      100       7B         1
                dataBANK1                           1F3      1F3        A         1
                bssBANK1                            17B      17B       78         1

        CLASS   BANK2          

        CLASS   BANK3          

        CLASS   BANK4          

        CLASS   BANK5          

        CLASS   BANK6          

        CLASS   BANK7          

        CLASS   SFR            

        CLASS   BIGSFR         

        CLASS   CONFIG         
                config                           300000   300000        E         4

        CLASS   IDLOC          
                idloc                            200000   200000        8         5

        CLASS   EEDATA         

        CLASS   FARRAM         

        CLASS   HEAP           

        CLASS   STACK          



SEGMENTS        Name                           Load    Length   Top    Selector   Space  Class

                reset_vec                      000000  000004  000004         0       0  CODE    
                cstackCOMRAM                   000001  00005F  000060         1       1  COMRAM  
                intcode                        000008  006D9E  006DA6         4       0  CODE    
                cstackBANK0                    000060  00008A  0000EA        60       1  BANK0   
                cstackBANK1                    000100  0000FD  0001FD       100       1  BANK1   
                mediumconst                    007E32  0001CE  008000      3F19       0  MEDIUMCO


UNUSED ADDRESS RANGES

        Name                Unused          Largest block    Delta
        BANK0            0000EA-0000FF               16
        BANK1            0001FD-0001FF                3
        BANK2            000200-0002FF              100
        BANK3            000300-0003FF              100
        BANK4            000400-0004FF              100
        BANK5            000500-0005FF              100
        BANK6            000600-0006FF              100
        BANK7            000700-0007FF              100
        BIGRAM           0000EA-0000FF               16
                         0001FD-0007FF              603
        BIGSFR           000F60-000FFF               A0
        CODE             000004-000007                4
                         006DA6-007E31             108C
        CONST            000004-000007                4
                         006DA6-007E31             108C
        EEDATA           F00000-F000FF              100
        MEDIUMCONST      006DA6-007E31             108C
        RAM              0000EA-0000FF               16
                         0001FD-0007FF              100
        SFR              000F60-000FFF               A0
        SMALLCONST       006DA6-007E31              100

                                  Symbol Table

?___awdiv                                cstackBANK0  000076
?___awmod                                cstackBANK0  000076
?___fladd                                cstackBANK0  0000B6
?___fldiv                                cstackBANK0  000084
?___flmul                                cstackBANK0  00009D
?___flneg                                cstackBANK0  000076
?___flsub                                cstackBANK0  0000C6
?___fltol                                cstackBANK0  0000C6
?___fpclassifyf                          cstackBANK0  000076
?___lmul                                 cstackBANK0  000076
?___wmul                                 cstackBANK0  000076
?___xxtofl                               cstackBANK0  000076
?_abs                                    cstackBANK0  00007C
?_calcPower                              cstackBANK0  0000D0
?_check_password                         cstackBANK0  00007A
?_convert_current                        cstackBANK0  0000B6
?_convert_voltage                        cstackBANK0  0000D0
?_fabsf                                  cstackCOMRAM 000059
?_floorf                                 cstackBANK0  00009D
?_has_passwords                          cstackBANK0  000077
?_isdigit                                cstackBANK0  000076
?_isxdigit                               cstackBANK0  000076
?_labs                                   cstackBANK0  000076
?_nanf                                   cstackBANK0  000076
?_read_prec_or_width                     cstackBANK0  000076
?_sprintf                                cstackBANK1  000148
?_strcmp                                 cstackBANK0  000076
?_strtof                                 cstackBANK0  0000C2
?_toupper                                cstackBANK0  000076
?_vfprintf                               cstackBANK1  000140
?i2___fladd                              cstackCOMRAM 000041
?i2___fldiv                              cstackCOMRAM 00000F
?i2___flmul                              cstackCOMRAM 000028
?i2___flsub                              cstackCOMRAM 000051
?i2___fltol                              cstackCOMRAM 000051
?i2___xxtofl                             cstackCOMRAM 000001
?i2_calcPower                            cstackCOMRAM 00005B
?i2_check_password                       cstackCOMRAM 000005
?i2_convert_current                      cstackCOMRAM 000041
?i2_convert_voltage                      cstackCOMRAM 00005B
?i2_strcmp                               cstackCOMRAM 000001
EEPROM_Read@address                      cstackBANK0  000076
EEPROM_Write@address                     cstackBANK0  000077
EEPROM_Write@data                        cstackBANK0  000076
EEPROM_read_user@address                 cstackBANK0  000078
EEPROM_read_user@i                       cstackBANK0  000079
EEPROM_read_user@password                cstackBANK0  000077
EEPROM_write_user@address                cstackBANK0  000079
EEPROM_write_user@i                      cstackBANK0  00007A
EEPROM_write_user@password               cstackBANK0  000078
OpenXLCD@lcdtype                         cstackBANK0  000077
SetDDRamAddr@DDaddr                      cstackBANK0  000076
WriteCmdXLCD@cmd                         cstackBANK0  000076
WriteDataXLCD@data                       cstackBANK0  000076
_ADCON0                                  (abs)        000FC2
_ADCON0bits                              (abs)        000FC2
_ADCON1                                  (abs)        000FC1
_ADCON2                                  (abs)        000FC0
_ADRESH                                  (abs)        000FC4
_ADRESL                                  (abs)        000FC3
_BusyXLCD                                text54       006778
_DelayFor18TCY                           text60       006D8C
_DelayPORXLCD                            text13       006D4C
_DelayXLCD                               text12       006D38
_EEADR                                   (abs)        000FA9
_EECON1bits                              (abs)        000FA6
_EECON2                                  (abs)        000FA7
_EEDATA                                  (abs)        000FA8
_EEPROM_Read                             text66       006D60
_EEPROM_Write                            text62       0068D2
_EEPROM_read_user                        text65       006BEC
_EEPROM_write_user                       text61       006B58
_INTCONbits                              (abs)        000FF2
_LATEbits                                (abs)        000F8D
_OpenXLCD                                text10       0057E0
_PIE1bits                                (abs)        000F9D
_PIR1bits                                (abs)        000F9E
_PIR2bits                                (abs)        000FA1
_PORTBbits                               (abs)        000F81
_PORTCbits                               (abs)        000F82
_PORTD                                   (abs)        000F83
_PORTDbits                               (abs)        000F83
_RBPU                                    (abs)        007F8F
_RCONbits                                (abs)        000FD0
_SetDDRamAddr                            text11       006732
_T0CON                                   (abs)        000FD5
_TMR0                                    (abs)        000FD6
_TMR0H                                   (abs)        000FD7
_TMR0L                                   (abs)        000FD6
_TRISA                                   (abs)        000F92
_TRISB                                   (abs)        000F93
_TRISCbits                               (abs)        000F94
_TRISD                                   (abs)        000F95
_TRISEbits                               (abs)        000F96
_WR                                      (abs)        007D31
_WriteCmdXLCD                            text59       00688E
_WriteDataXLCD                           text57       00684A
__HRAM                                   (abs)        000000
__H__absolute__                          __absolute__ 000000
__Habs1                                  abs1         000000
__Hbank0                                 bank0        000000
__Hbank1                                 bank1        000000
__Hbank2                                 bank2        000000
__Hbank3                                 bank3        000000
__Hbank4                                 bank4        000000
__Hbank5                                 bank5        000000
__Hbank6                                 bank6        000000
__Hbank7                                 bank7        000000
__Hbigbss                                bigbss       000000
__Hbigdata                               bigdata      000000
__Hbigram                                bigram       000000
__Hbigsfr                                bigsfr       000000
__Hbss                                   bss          000000
__HbssBANK0                              bssBANK0     000000
__HbssBANK1                              bssBANK1     000000
__Hcinit                                 cinit        000000
__Hclrtext                               clrtext      000000
__Hcomram                                comram       000000
__Hconfig                                config       30000E
__Hconst                                 const        000000
__HcstackBANK0                           cstackBANK0  000000
__HcstackBANK1                           cstackBANK1  000000
__HcstackCOMRAM                          cstackCOMRAM 000000
__Hdata                                  data         000000
__HdataBANK0                             dataBANK0    000000
__HdataBANK1                             dataBANK1    000000
__Heeprom_data                           eeprom_data  000000
__Hfarbss                                farbss       000000
__Hfardata                               fardata      000000
__Hheap                                  heap         000000
__Hibigdata                              ibigdata     000000
__Hidata                                 idata        000000
__HidataBANK0                            idataBANK0   000000
__HidataBANK1                            idataBANK1   000000
__Hidloc                                 idloc        200008
__Hifardata                              ifardata     000000
__Hinit                                  init         000012
__Hintcode                               intcode      00000E
__Hintcode_body                          intcode_body 000000
__Hintcodelo                             intcodelo    000018
__Hintentry                              intentry     000000
__Hintret                                intret       000000
__Hintsave_regs                          intsave_regs 000000
__Hirdata                                irdata       000000
__Hmediumconst                           mediumconst  008000
__HnvFARRAM                              nvFARRAM     000000
__Hnvbit                                 nvbit        000000
__Hnvrram                                nvrram       000000
__Hparam                                 rparam       000000
__Hpowerup                               powerup      000000
__Hram                                   ram          000000
__Hramtop                                ramtop       000800
__Hrbit                                  rbit         000000
__Hrbss                                  rbss         000000
__Hrdata                                 rdata        000000
__Hreset_vec                             reset_vec    000004
__Hrparam                                rparam       000000
__Hsfr                                   sfr          000000
__Hsivt_hi                               sivt_hi      000000
__Hsivt_lo                               sivt_lo      000018
__Hsmallconst                            smallconst   000000
__Hspace_0                               (abs)        008000
__Hspace_1                               (abs)        0001FD
__Hspace_2                               (abs)        000000
__Hspace_4                               (abs)        60000E
__Hstack                                 stack        000000
__Hstruct                                struct       000000
__Htemp                                  temp         000060
__Htext                                  text         000000
__Htext0                                 text0        000000
__Htext1                                 text1        000000
__Htext10                                text10       000000
__Htext11                                text11       000000
__Htext12                                text12       000000
__Htext13                                text13       000000
__Htext14                                text14       000000
__Htext15                                text15       000000
__Htext16                                text16       000000
__Htext17                                text17       000000
__Htext18                                text18       000000
__Htext19                                text19       000000
__Htext2                                 text2        000000
__Htext20                                text20       000000
__Htext21                                text21       000000
__Htext22                                text22       000000
__Htext23                                text23       000000
__Htext24                                text24       000000
__Htext25                                text25       000000
__Htext26                                text26       000000
__Htext27                                text27       000000
__Htext28                                text28       000000
__Htext29                                text29       000000
__Htext3                                 text3        000000
__Htext30                                text30       000000
__Htext31                                text31       000000
__Htext32                                text32       000000
__Htext33                                text33       000000
__Htext34                                text34       000000
__Htext35                                text35       000000
__Htext36                                text36       000000
__Htext37                                text37       000000
__Htext38                                text38       000000
__Htext39                                text39       000000
__Htext4                                 text4        000000
__Htext40                                text40       000000
__Htext41                                text41       000000
__Htext42                                text42       000000
__Htext43                                text43       000000
__Htext44                                text44       000000
__Htext45                                text45       000000
__Htext46                                text46       000000
__Htext47                                text47       000000
__Htext48                                text48       000000
__Htext49                                text49       000000
__Htext5                                 text5        000000
__Htext50                                text50       000000
__Htext51                                text51       000000
__Htext52                                text52       000000
__Htext53                                text53       000000
__Htext54                                text54       000000
__Htext55                                text55       000000
__Htext56                                text56       000000
__Htext57                                text57       000000
__Htext58                                text58       000000
__Htext59                                text59       000000
__Htext6                                 text6        000000
__Htext60                                text60       000000
__Htext61                                text61       000000
__Htext62                                text62       000000
__Htext63                                text63       000000
__Htext64                                text64       000000
__Htext65                                text65       000000
__Htext66                                text66       000000
__Htext68                                text68       000000
__Htext69                                text69       000000
__Htext7                                 text7        000000
__Htext70                                text70       000000
__Htext71                                text71       000000
__Htext72                                text72       000000
__Htext73                                text73       000000
__Htext74                                text74       000000
__Htext75                                text75       000000
__Htext76                                text76       000000
__Htext77                                text77       000000
__Htext78                                text78       000000
__Htext79                                text79       000000
__Htext8                                 text8        000000
__Htext80                                text80       000000
__Htext81                                text81       000000
__Htext82                                text82       000000
__Htext83                                text83       000000
__Htext84                                text84       000000
__Htext85                                text85       000000
__Htext86                                text86       000000
__Htext87                                text87       000000
__Htext88                                text88       000000
__Htext89                                text89       000000
__Htext9                                 text9        000000
__Htext90                                text90       000000
__Htext91                                text91       000000
__Htext92                                text92       000000
__Htext93                                text93       000000
__Htext94                                text94       000000
__Htext95                                text95       000000
__LRAM                                   (abs)        000001
__L__absolute__                          __absolute__ 000000
__Labs1                                  abs1         000000
__Lbank0                                 bank0        000000
__Lbank1                                 bank1        000000
__Lbank2                                 bank2        000000
__Lbank3                                 bank3        000000
__Lbank4                                 bank4        000000
__Lbank5                                 bank5        000000
__Lbank6                                 bank6        000000
__Lbank7                                 bank7        000000
__Lbigbss                                bigbss       000000
__Lbigdata                               bigdata      000000
__Lbigram                                bigram       000000
__Lbigsfr                                bigsfr       000000
__Lbss                                   bss          000000
__LbssBANK0                              bssBANK0     000000
__LbssBANK1                              bssBANK1     000000
__Lcinit                                 cinit        000000
__Lclrtext                               clrtext      000000
__Lcomram                                comram       000000
__Lconfig                                config       000000
__Lconst                                 const        000000
__LcstackBANK0                           cstackBANK0  000000
__LcstackBANK1                           cstackBANK1  000000
__LcstackCOMRAM                          cstackCOMRAM 000000
__Ldata                                  data         000000
__LdataBANK0                             dataBANK0    000000
__LdataBANK1                             dataBANK1    000000
__Leeprom_data                           eeprom_data  000000
__Lfarbss                                farbss       000000
__Lfardata                               fardata      000000
__Lheap                                  heap         000000
__Libigdata                              ibigdata     000000
__Lidata                                 idata        000000
__LidataBANK0                            idataBANK0   000000
__LidataBANK1                            idataBANK1   000000
__Lidloc                                 idloc        000000
__Lifardata                              ifardata     000000
__Linit                                  init         00000E
__Lintcode                               intcode      000008
__Lintcode_body                          intcode_body 000000
__Lintcodelo                             intcodelo    000018
__Lintentry                              intentry     000000
__Lintret                                intret       000000
__Lintsave_regs                          intsave_regs 000000
__Lirdata                                irdata       000000
__Lmediumconst                           mediumconst  007E32
__LnvFARRAM                              nvFARRAM     000000
__Lnvbit                                 nvbit        000000
__Lnvrram                                nvrram       000000
__Lparam                                 rparam       000000
__Lpowerup                               powerup      000000
__Lram                                   ram          000000
__Lramtop                                ramtop       000800
__Lrbit                                  rbit         000000
__Lrbss                                  rbss         000000
__Lrdata                                 rdata        000000
__Lreset_vec                             reset_vec    000000
__Lrparam                                rparam       000000
__Lsfr                                   sfr          000000
__Lsivt_hi                               sivt_hi      000000
__Lsivt_lo                               sivt_lo      000018
__Lsmallconst                            smallconst   000000
__Lspace_0                               (abs)        000000
__Lspace_1                               (abs)        000000
__Lspace_2                               (abs)        000000
__Lspace_4                               (abs)        000000
__Lstack                                 stack        000000
__Lstruct                                struct       000000
__Ltemp                                  temp         00005F
__Ltext                                  text         000000
__Ltext0                                 text0        000000
__Ltext1                                 text1        000000
__Ltext10                                text10       000000
__Ltext11                                text11       000000
__Ltext12                                text12       000000
__Ltext13                                text13       000000
__Ltext14                                text14       000000
__Ltext15                                text15       000000
__Ltext16                                text16       000000
__Ltext17                                text17       000000
__Ltext18                                text18       000000
__Ltext19                                text19       000000
__Ltext2                                 text2        000000
__Ltext20                                text20       000000
__Ltext21                                text21       000000
__Ltext22                                text22       000000
__Ltext23                                text23       000000
__Ltext24                                text24       000000
__Ltext25                                text25       000000
__Ltext26                                text26       000000
__Ltext27                                text27       000000
__Ltext28                                text28       000000
__Ltext29                                text29       000000
__Ltext3                                 text3        000000
__Ltext30                                text30       000000
__Ltext31                                text31       000000
__Ltext32                                text32       000000
__Ltext33                                text33       000000
__Ltext34                                text34       000000
__Ltext35                                text35       000000
__Ltext36                                text36       000000
__Ltext37                                text37       000000
__Ltext38                                text38       000000
__Ltext39                                text39       000000
__Ltext4                                 text4        000000
__Ltext40                                text40       000000
__Ltext41                                text41       000000
__Ltext42                                text42       000000
__Ltext43                                text43       000000
__Ltext44                                text44       000000
__Ltext45                                text45       000000
__Ltext46                                text46       000000
__Ltext47                                text47       000000
__Ltext48                                text48       000000
__Ltext49                                text49       000000
__Ltext5                                 text5        000000
__Ltext50                                text50       000000
__Ltext51                                text51       000000
__Ltext52                                text52       000000
__Ltext53                                text53       000000
__Ltext54                                text54       000000
__Ltext55                                text55       000000
__Ltext56                                text56       000000
__Ltext57                                text57       000000
__Ltext58                                text58       000000
__Ltext59                                text59       000000
__Ltext6                                 text6        000000
__Ltext60                                text60       000000
__Ltext61                                text61       000000
__Ltext62                                text62       000000
__Ltext63                                text63       000000
__Ltext64                                text64       000000
__Ltext65                                text65       000000
__Ltext66                                text66       000000
__Ltext68                                text68       000000
__Ltext69                                text69       000000
__Ltext7                                 text7        000000
__Ltext70                                text70       000000
__Ltext71                                text71       000000
__Ltext72                                text72       000000
__Ltext73                                text73       000000
__Ltext74                                text74       000000
__Ltext75                                text75       000000
__Ltext76                                text76       000000
__Ltext77                                text77       000000
__Ltext78                                text78       000000
__Ltext79                                text79       000000
__Ltext8                                 text8        000000
__Ltext80                                text80       000000
__Ltext81                                text81       000000
__Ltext82                                text82       000000
__Ltext83                                text83       000000
__Ltext84                                text84       000000
__Ltext85                                text85       000000
__Ltext86                                text86       000000
__Ltext87                                text87       000000
__Ltext88                                text88       000000
__Ltext89                                text89       000000
__Ltext9                                 text9        000000
__Ltext90                                text90       000000
__Ltext91                                text91       000000
__Ltext92                                text92       000000
__Ltext93                                text93       000000
__Ltext94                                text94       000000
__Ltext95                                text95       000000
__S0                                     (abs)        008000
__S1                                     (abs)        0001FD
__S4                                     (abs)        000000
__S5                                     (abs)        000000
___awdiv                                 text36       005A64
___awdiv@counter                         cstackBANK0  00007A
___awdiv@dividend                        cstackBANK0  000076
___awdiv@divisor                         cstackBANK0  000078
___awdiv@quotient                        cstackBANK0  00007C
___awdiv@sign                            cstackBANK0  00007B
___awmod                                 text35       005BDC
___awmod@counter                         cstackBANK0  00007A
___awmod@dividend                        cstackBANK0  000076
___awmod@divisor                         cstackBANK0  000078
___awmod@sign                            cstackBANK0  00007B
___fladd                                 text28       001CEE
___fladd@a                               cstackBANK0  0000BA
___fladd@aexp                            cstackBANK0  0000C3
___fladd@b                               cstackBANK0  0000B6
___fladd@bexp                            cstackBANK0  0000C4
___fladd@grs                             cstackBANK0  0000C5
___fladd@signs                           cstackBANK0  0000C2
___fldiv                                 text50       002EAA
___fldiv@a                               cstackBANK0  000088
___fldiv@aexp                            cstackBANK0  00009C
___fldiv@b                               cstackBANK0  000084
___fldiv@bexp                            cstackBANK0  00009B
___fldiv@grs                             cstackBANK0  000097
___fldiv@new_exp                         cstackBANK0  000095
___fldiv@rem                             cstackBANK0  000090
___fldiv@sign                            cstackBANK0  000094
___fleq                                  text49       005C8C
___fleq@ff1                              cstackBANK0  000076
___fleq@ff2                              cstackBANK0  00007A
___flge                                  text48       0052DA
___flge@ff1                              cstackBANK0  0000B6
___flge@ff2                              cstackBANK0  0000BA
___flmul                                 text47       00265C
___flmul@a                               cstackBANK0  0000A1
___flmul@aexp                            cstackBANK0  0000AA
___flmul@b                               cstackBANK0  00009D
___flmul@bexp                            cstackBANK0  0000AF
___flmul@grs                             cstackBANK0  0000AB
___flmul@prod                            cstackBANK0  0000B0
___flmul@sign                            cstackBANK0  0000A9
___flmul@temp                            cstackBANK0  0000B4
___flneg                                 text46       006A0A
___flneg@f1                              cstackBANK0  000076
___flsub                                 text27       0066A2
___flsub@a                               cstackBANK0  0000CA
___flsub@b                               cstackBANK0  0000C6
___fltol                                 text26       0051D2
___fltol@exp1                            cstackBANK0  0000CF
___fltol@f1                              cstackBANK0  0000C6
___fltol@sign1                           cstackBANK0  0000CE
___fpclassifyf                           text25       0055EA
___fpclassifyf@F465                      bssBANK1     000185
___fpclassifyf@e                         cstackBANK0  00007E
___fpclassifyf@u                         cstackBANK0  000080
___fpclassifyf@x                         cstackBANK0  000076
___heap_hi                               (abs)        000000
___heap_lo                               (abs)        000000
___inthi_sp                              stack        000000
___inthi_stack_hi                        stack        000000
___inthi_stack_lo                        stack        000000
___intlo_sp                              stack        000000
___intlo_stack_hi                        stack        000000
___intlo_stack_lo                        stack        000000
___lmul                                  text45       00622A
___lmul@multiplicand                     cstackBANK0  00007A
___lmul@multiplier                       cstackBANK0  000076
___lmul@product                          cstackBANK0  00007E
___param_bank                            (abs)        000000
___rparam_used                           (abs)        000001
___sp                                    stack        000000
___stack_hi                              stack        000000
___stack_lo                              stack        000000
___wmul                                  text44       006CA2
___wmul@multiplicand                     cstackBANK0  000078
___wmul@multiplier                       cstackBANK0  000076
___wmul@product                          cstackBANK0  00007A
___xxtofl                                text43       00449E
___xxtofl@arg                            cstackBANK0  000080
___xxtofl@exp                            cstackBANK0  00007F
___xxtofl@sign                           cstackBANK0  00007E
___xxtofl@val                            cstackBANK0  000076
__accesstop                              (abs)        000060
__activetblptr                           (abs)        000002
__end_of_BusyXLCD                        text54       0067BE
__end_of_DelayFor18TCY                   text60       006D96
__end_of_DelayPORXLCD                    text13       006D60
__end_of_DelayXLCD                       text12       006D4C
__end_of_EEPROM_Read                     text66       006D72
__end_of_EEPROM_Write                    text62       006914
__end_of_EEPROM_read_user                text65       006C1C
__end_of_EEPROM_write_user               text61       006B8A
__end_of_OpenXLCD                        text10       0058D2
__end_of_SetDDRamAddr                    text11       006778
__end_of_WriteCmdXLCD                    text59       0068D2
__end_of_WriteDataXLCD                   text57       00688E
__end_of___awdiv                         text36       005B28
__end_of___awmod                         text35       005C8C
__end_of___fladd                         text28       0021A6
__end_of___fldiv                         text50       00323C
__end_of___fleq                          text49       005D38
__end_of___flge                          text48       0053E0
__end_of___flmul                         text47       002A84
__end_of___flneg                         text46       006A44
__end_of___flsub                         text27       0066EA
__end_of___fltol                         text26       0052DA
__end_of___fpclassifyf                   text25       0056EA
__end_of___lmul                          text45       006296
__end_of___wmul                          text44       006CCA
__end_of___xxtofl                        text43       004656
__end_of__initialization                 cinit        006356
__end_of_abs                             text34       006B22
__end_of_alert_leds                      text95       0066A2
__end_of_assign_default_password         text8        006AEC
__end_of_buzzerON                        text5        006D20
__end_of_calcPower                       text4        006954
__end_of_check_password                  text63       006AB6
__end_of_clean_lcd                       text58       006D08
__end_of_config_password_screen          text51       0042E0
__end_of_config_screen                   text14       0051D2
__end_of_convert_current                 text3        005DE2
__end_of_convert_voltage                 text2        004F66
__end_of_detect_peak                     text76       005FCA
__end_of_dtoa                            text29       004B34
__end_of_efgtoa                          text20       001CEE
__end_of_fabsf                           text94       006B58
__end_of_floorf                          text24       003F4E
__end_of_fputc                           text32       00599E
__end_of_fputs                           text31       006732
__end_of_get_password                    text55       005BDC
__end_of_has_passwords                   text9        006658
__end_of_initSystem                      text7        00660E
__end_of_initial_screen                  text6        006C4A
__end_of_isdigit                         text42       006C78
__end_of_isr                             intcode_body 004E26
__end_of_isxdigit                        text41       0064D0
__end_of_labs                            text23       00647A
__end_of_main                            text0        00605A
__end_of_main_screen                     text1        003B20
__end_of_memcpy                          text22       006574
__end_of_nanf                            text40       006CEE
__end_of_pad                             text30       0061B8
__end_of_putch                           text33       006DA6
__end_of_putsXLCD                        text53       006146
__end_of_rate_config_screen              text15       003D38
__end_of_read_keypad                     text56       00449E
__end_of_read_prec_or_width              text19       005A64
__end_of_read_rate                       text37       004CB4
__end_of_request_password                text81       0057E0
__end_of_send_alert                      text79       004118
__end_of_set_password                    text52       0062FE
__end_of_sprintf                         text16       0065C4
__end_of_standby_detector                text73       0060D2
__end_of_strcmp                          text64       0063C4
__end_of_strcpy                          text21       006A0A
__end_of_strtof                          text38       001276
__end_of_toupper                         text39       006BEC
__end_of_vfpfcnvrt                       text18       0038AA
__end_of_vfprintf                        text17       006522
__end_ofi2_BusyXLCD                      text83       00684A
__end_ofi2_DelayFor18TCY                 text89       006DA0
__end_ofi2_EEPROM_Read                   text93       006D82
__end_ofi2_EEPROM_read_user              text92       006CA2
__end_ofi2_WriteCmdXLCD                  text88       0069D0
__end_ofi2_WriteDataXLCD                 text86       006992
__end_ofi2___fladd                       text78       00265C
__end_ofi2___fldiv                       text72       0035CC
__end_ofi2___flge                        text80       0055EA
__end_ofi2___flmul                       text71       002EAA
__end_ofi2___flsub                       text77       006804
__end_ofi2___fltol                       text75       0054E6
__end_ofi2___xxtofl                      text70       00480A
__end_ofi2_calcPower                     text74       006A7E
__end_ofi2_check_password                text90       006BBC
__end_ofi2_clean_lcd                     text87       006D38
__end_ofi2_convert_current               text69       005E88
__end_ofi2_convert_voltage               text68       00509E
__end_ofi2_get_password                  text84       005F2A
__end_ofi2_putsXLCD                      text82       00622A
__end_ofi2_read_keypad                   text85       0049AE
__end_ofi2_strcmp                        text91       006422
__end_ofread_keypad@F4414                mediumconst  007E43
__initialization                         cinit        0062FE
__mediumconst                            mediumconst  007E32
__pbssBANK0                              bssBANK0     0000D5
__pbssBANK1                              bssBANK1     00017B
__pcinit                                 cinit        0062FE
__pcstackBANK0                           cstackBANK0  000060
__pcstackBANK1                           cstackBANK1  000100
__pcstackCOMRAM                          cstackCOMRAM 000001
__pdataBANK0                             dataBANK0    0000E6
__pdataBANK1                             dataBANK1    0001F3
__pidataBANK0                            idataBANK0   006DA0
__pidataBANK1                            idataBANK1   006D82
__pintcode                               intcode      000008
__pintcode_body                          intcode_body 004CB4
__pmediumconst                           mediumconst  007E32
__ptext0                                 text0        005FCA
__ptext1                                 text1        0038AA
__ptext10                                text10       0057E0
__ptext11                                text11       006732
__ptext12                                text12       006D38
__ptext13                                text13       006D4C
__ptext14                                text14       00509E
__ptext15                                text15       003B20
__ptext16                                text16       006574
__ptext17                                text17       0064D0
__ptext18                                text18       0035CC
__ptext19                                text19       00599E
__ptext2                                 text2        004E26
__ptext20                                text20       001276
__ptext21                                text21       0069D0
__ptext22                                text22       006522
__ptext23                                text23       006422
__ptext24                                text24       003D38
__ptext25                                text25       0055EA
__ptext26                                text26       0051D2
__ptext27                                text27       0066A2
__ptext28                                text28       001CEE
__ptext29                                text29       0049AE
__ptext3                                 text3        005D38
__ptext30                                text30       006146
__ptext31                                text31       0066EA
__ptext32                                text32       0058D2
__ptext33                                text33       006DA4
__ptext34                                text34       006AEC
__ptext35                                text35       005BDC
__ptext36                                text36       005A64
__ptext37                                text37       004B34
__ptext38                                text38       000012
__ptext39                                text39       006BBC
__ptext4                                 text4        006914
__ptext40                                text40       006CCA
__ptext41                                text41       00647A
__ptext42                                text42       006C4A
__ptext43                                text43       00449E
__ptext44                                text44       006CA2
__ptext45                                text45       00622A
__ptext46                                text46       006A0A
__ptext47                                text47       00265C
__ptext48                                text48       0052DA
__ptext49                                text49       005C8C
__ptext5                                 text5        006D08
__ptext50                                text50       002EAA
__ptext51                                text51       004118
__ptext52                                text52       006296
__ptext53                                text53       0060D2
__ptext54                                text54       006778
__ptext55                                text55       005B28
__ptext56                                text56       0042E0
__ptext57                                text57       00684A
__ptext58                                text58       006CEE
__ptext59                                text59       00688E
__ptext6                                 text6        006C1C
__ptext60                                text60       006D8C
__ptext61                                text61       006B58
__ptext62                                text62       0068D2
__ptext63                                text63       006A7E
__ptext64                                text64       006364
__ptext65                                text65       006BEC
__ptext66                                text66       006D60
__ptext68                                text68       004F66
__ptext69                                text69       005DE2
__ptext7                                 text7        0065C4
__ptext70                                text70       004656
__ptext71                                text71       002A84
__ptext72                                text72       00323C
__ptext73                                text73       00605A
__ptext74                                text74       006A44
__ptext75                                text75       0053E0
__ptext76                                text76       005F2A
__ptext77                                text77       0067BE
__ptext78                                text78       0021A6
__ptext79                                text79       003F4E
__ptext8                                 text8        006AB6
__ptext80                                text80       0054E6
__ptext81                                text81       0056EA
__ptext82                                text82       0061B8
__ptext83                                text83       006804
__ptext84                                text84       005E88
__ptext85                                text85       00480A
__ptext86                                text86       006954
__ptext87                                text87       006D20
__ptext88                                text88       006992
__ptext89                                text89       006D96
__ptext9                                 text9        00660E
__ptext90                                text90       006B8A
__ptext91                                text91       0063C4
__ptext92                                text92       006C78
__ptext93                                text93       006D72
__ptext94                                text94       006B22
__ptext95                                text95       006658
__ramtop                                 ramtop       000800
__smallconst                             mediumconst  007E32
_abs                                     text34       006AEC
_alert_leds                              text95       006658
_assign_default_password                 text8        006AB6
_buzzerON                                text5        006D08
_calcPower                               text4        006914
_check_password                          text63       006A7E
_clean_lcd                               text58       006CEE
_config_password_screen                  text51       004118
_config_screen                           text14       00509E
_convert_current                         text3        005D38
_convert_voltage                         text2        004E26
_costKWH                                 bssBANK1     000191
_current                                 bssBANK1     000195
_dbuf                                    bssBANK1     0001A3
_default_password                        dataBANK1    0001F8
_detect_peak                             text76       005F2A
_dtoa                                    text29       0049AE
_dtoa$1563                               cstackBANK0  000093
_efgtoa                                  text20       001276
_efgtoa$1594                             cstackBANK1  00010D
_errno                                   bssBANK1     000199
_fabsf                                   text94       006B22
_flags                                   bssBANK0     0000E5
_floorf                                  text24       003D38
_fputc                                   text32       0058D2
_fputs                                   text31       0066EA
_get_password                            text55       005B28
_has_passwords                           text9        00660E
_initSystem                              text7        0065C4
_initial_screen                          text6        006C1C
_isdigit                                 text42       006C4A
_isr                                     intcode      000008
_isxdigit                                text41       00647A
_isxdigit$1791                           cstackBANK0  00007C
_kwh                                     bssBANK0     0000D5
_labs                                    text23       006422
_led_active                              bssBANK0     0000DD
_led_on_time                             bssBANK0     0000DF
_main                                    text0        005FCA
_main_screen                             text1        0038AA
_memcpy                                  text22       006522
_nanf                                    text40       006CCA
_pad                                     text30       006146
_prec                                    bssBANK1     00019D
_prev_current                            bssBANK1     00018D
_putch                                   text33       006DA4
_putsXLCD                                text53       0060D2
_rate                                    dataBANK0    0000E6
_rate_config_screen                      text15       003B20
_read_keypad                             text56       0042E0
_read_prec_or_width                      text19       00599E
_read_rate                               text37       004B34
_read_rate$926                           cstackBANK1  00010F
_request_password                        text81       0056EA
_screen                                  bssBANK0     0000E3
_send_alert                              text79       003F4E
_set_password                            text52       006296
_sprintf                                 text16       006574
_standby_detector                        text73       00605A
_strcmp                                  text64       006364
_strcpy                                  text21       0069D0
_strtof                                  text38       000012
_system_locked                           bssBANK0     0000E1
_time                                    bssBANK1     00019F
_toupper                                 text39       006BBC
_vfpfcnvrt                               text18       0035CC
_vfprintf                                text17       0064D0
_voltage                                 bssBANK1     0001A1
_wattSeconds                             bssBANK0     0000D9
_width                                   bssBANK1     00019B
abs@a                                    cstackBANK0  00007C
assign_default_password@F4455            dataBANK1    0001F3
assign_default_password@default_password cstackBANK0  00007B
btemp                                    temp         00005F
check_password@input                     cstackBANK0  00007A
check_password@stored_password           cstackBANK0  00007C
config_password_screen@key               cstackBANK0  00009E
config_password_screen@password          cstackBANK0  000099
config_screen@key                        cstackBANK0  0000D4
convert_current@result                   cstackBANK0  0000BC
convert_voltage@result                   cstackBANK1  000100
detect_peak@current_diff                 cstackBANK0  000064
dtoa@d                                   cstackBANK0  000091
dtoa@fp                                  cstackBANK0  00008F
dtoa@i                                   cstackBANK0  00009A
dtoa@p                                   cstackBANK0  000097
dtoa@s                                   cstackBANK0  000099
dtoa@w                                   cstackBANK0  000095
efgtoa@c                                 cstackBANK1  000106
efgtoa@d                                 cstackBANK1  000112
efgtoa@e                                 cstackBANK1  000116
efgtoa@f                                 cstackBANK1  000102
efgtoa@fp                                cstackBANK1  000100
efgtoa@g                                 cstackBANK1  000129
efgtoa@h                                 cstackBANK1  000120
efgtoa@i                                 cstackBANK1  00011E
efgtoa@l                                 cstackBANK1  000124
efgtoa@m                                 cstackBANK1  000114
efgtoa@mode                              cstackBANK1  000110
efgtoa@n                                 cstackBANK1  00012D
efgtoa@ne                                cstackBANK1  000107
efgtoa@nmode                             cstackBANK1  000111
efgtoa@ou                                cstackBANK1  00011A
efgtoa@p                                 cstackBANK1  000109
efgtoa@pp                                cstackBANK1  00010F
efgtoa@sign                              cstackBANK1  000128
efgtoa@t                                 cstackBANK1  00010B
efgtoa@u                                 cstackBANK1  00012F
efgtoa@w                                 cstackBANK1  000118
end_of_initialization                    cinit        006356
fabsf@F465                               bssBANK1     000189
fabsf@u                                  cstackBANK0  000060
fabsf@x                                  cstackCOMRAM 000059
floorf@F521                              bssBANK1     000181
floorf@e                                 cstackBANK0  0000AB
floorf@m                                 cstackBANK0  0000A7
floorf@u                                 cstackBANK0  0000AD
floorf@x                                 cstackBANK0  00009D
fputc@c                                  cstackBANK0  000076
fputc@fp                                 cstackBANK0  000078
fputs@c                                  cstackBANK0  000083
fputs@fp                                 cstackBANK0  000081
fputs@i                                  cstackBANK0  000084
fputs@s                                  cstackBANK0  00007F
get_password@index                       cstackBANK0  00008E
get_password@key                         cstackBANK0  00008D
get_password@password                    cstackBANK0  00008A
has_passwords@address                    cstackBANK0  000079
i2EEPROM_Read@address                    cstackCOMRAM 000001
i2EEPROM_read_user@address               cstackCOMRAM 000003
i2EEPROM_read_user@i                     cstackCOMRAM 000004
i2EEPROM_read_user@password              cstackCOMRAM 000002
i2WriteCmdXLCD@cmd                       cstackCOMRAM 000001
i2WriteDataXLCD@data                     cstackCOMRAM 000001
i2_BusyXLCD                              text83       006804
i2_DelayFor18TCY                         text89       006D96
i2_EEPROM_Read                           text93       006D72
i2_EEPROM_read_user                      text92       006C78
i2_WriteCmdXLCD                          text88       006992
i2_WriteDataXLCD                         text86       006954
i2___fladd                               text78       0021A6
i2___fladd@a                             cstackCOMRAM 000045
i2___fladd@aexp                          cstackCOMRAM 00004E
i2___fladd@b                             cstackCOMRAM 000041
i2___fladd@bexp                          cstackCOMRAM 00004F
i2___fladd@grs                           cstackCOMRAM 000050
i2___fladd@signs                         cstackCOMRAM 00004D
i2___fldiv                               text72       00323C
i2___fldiv@a                             cstackCOMRAM 000013
i2___fldiv@aexp                          cstackCOMRAM 000027
i2___fldiv@b                             cstackCOMRAM 00000F
i2___fldiv@bexp                          cstackCOMRAM 000026
i2___fldiv@grs                           cstackCOMRAM 000022
i2___fldiv@new_exp                       cstackCOMRAM 000020
i2___fldiv@rem                           cstackCOMRAM 00001B
i2___fldiv@sign                          cstackCOMRAM 00001F
i2___flge                                text80       0054E6
i2___flge@ff1                            cstackCOMRAM 000001
i2___flge@ff2                            cstackCOMRAM 000005
i2___flmul                               text71       002A84
i2___flmul@a                             cstackCOMRAM 00002C
i2___flmul@aexp                          cstackCOMRAM 000039
i2___flmul@b                             cstackCOMRAM 000028
i2___flmul@bexp                          cstackCOMRAM 00003A
i2___flmul@grs                           cstackCOMRAM 000035
i2___flmul@prod                          cstackCOMRAM 00003B
i2___flmul@sign                          cstackCOMRAM 000034
i2___flmul@temp                          cstackCOMRAM 00003F
i2___flsub                               text77       0067BE
i2___flsub@a                             cstackCOMRAM 000055
i2___flsub@b                             cstackCOMRAM 000051
i2___fltol                               text75       0053E0
i2___fltol@exp1                          cstackCOMRAM 00005A
i2___fltol@f1                            cstackCOMRAM 000051
i2___fltol@sign1                         cstackCOMRAM 000059
i2___xxtofl                              text70       004656
i2___xxtofl@arg                          cstackCOMRAM 00000B
i2___xxtofl@exp                          cstackCOMRAM 00000A
i2___xxtofl@sign                         cstackCOMRAM 000009
i2___xxtofl@val                          cstackCOMRAM 000001
i2_calcPower                             text74       006A44
i2_check_password                        text90       006B8A
i2_clean_lcd                             text87       006D20
i2_convert_current                       text69       005DE2
i2_convert_voltage                       text68       004F66
i2_get_password                          text84       005E88
i2_putsXLCD                              text82       0061B8
i2_read_keypad                           text85       00480A
i2_strcmp                                text91       0063C4
i2check_password@input                   cstackCOMRAM 000005
i2check_password@stored_password         cstackCOMRAM 000007
i2convert_current@result                 cstackCOMRAM 000047
i2convert_voltage@result                 cstackBANK0  000060
i2get_password@index                     cstackCOMRAM 000019
i2get_password@key                       cstackCOMRAM 000018
i2get_password@password                  cstackCOMRAM 000015
i2putsXLCD@buffer                        cstackCOMRAM 000002
i2read_keypad@col                        cstackCOMRAM 000013
i2read_keypad@keys                       cstackCOMRAM 000003
i2strcmp@l                               cstackCOMRAM 000001
i2strcmp@r                               cstackCOMRAM 000002
int$flags                                temp         00005F
int_func                                 intcode_body 004CB4
intlevel0                                text         000000
intlevel1                                text         000000
intlevel2                                text         000000
intlevel3                                text         000000
isa$std                                  (abs)        000001
isa$xinst                                (abs)        000000
isdigit@c                                cstackBANK0  000076
isxdigit@c                               cstackBANK0  000076
labs@a                                   cstackBANK0  000076
main@key                                 cstackBANK1  00017A
main_screen@display_state                cstackBANK1  000176
main_screen@int_str                      cstackBANK1  00015F
main_screen@key                          cstackBANK1  000173
main_screen@last_display_time            cstackBANK1  000174
memcpy@d                                 cstackBANK0  00007D
memcpy@d1                                cstackBANK0  000076
memcpy@n                                 cstackBANK0  00007A
memcpy@s                                 cstackBANK0  00007F
memcpy@s1                                cstackBANK0  000078
memcpy@tmp                               cstackBANK0  00007C
nanf@s                                   cstackBANK0  000076
nanf@u                                   cstackBANK0  00007A
pad@buf                                  cstackBANK0  000088
pad@fp                                   cstackBANK0  000086
pad@i                                    cstackBANK0  00008D
pad@p                                    cstackBANK0  00008A
putsXLCD@buffer                          cstackBANK0  000077
rate_config_screen@int_str               cstackBANK1  00015F
rate_config_screen@key                   cstackBANK1  000173
read_keypad@F4414                        mediumconst  007E33
read_keypad@col                          cstackBANK0  000088
read_keypad@keys                         cstackBANK0  000078
read_prec_or_width@ap                    cstackBANK0  000078
read_prec_or_width@c                     cstackBANK0  00007C
read_prec_or_width@fmt                   cstackBANK0  000076
read_prec_or_width@n                     cstackBANK0  00007D
read_rate@index                          cstackBANK1  000117
read_rate@key                            cstackBANK1  000119
read_rate@rate_str                       cstackBANK1  000111
request_password@entered_password        cstackCOMRAM 00001D
send_alert@diff                          cstackCOMRAM 000022
set_password@new_password                cstackBANK0  000092
sprintf@ap                               cstackBANK1  000150
sprintf@f                                cstackBANK1  000152
sprintf@fmt                              cstackBANK1  00014A
sprintf@s                                cstackBANK1  000148
stackhi                                  (abs)        000000
stacklo                                  (abs)        000000
standby_detector@power                   cstackBANK0  000060
start                                    init         00000E
start_initialization                     cinit        0062FE
strcmp@l                                 cstackBANK0  000076
strcmp@r                                 cstackBANK0  000077
strcpy@d                                 cstackBANK0  00007A
strcpy@dest                              cstackBANK0  000076
strcpy@src                               cstackBANK0  000078
strtof@_u                                cstackBANK1  00010A
strtof@digit                             cstackBANK1  000104
strtof@dpos                              cstackBANK1  000101
strtof@eexp                              cstackBANK1  000108
strtof@err                               cstackBANK1  000102
strtof@expon                             cstackBANK1  000106
strtof@flags                             cstackBANK1  000105
strtof@i                                 cstackBANK1  00010E
strtof@res                               cstackBANK0  0000C4
strtof@s                                 cstackBANK0  0000C2
strtof@xpos                              cstackBANK1  000100
toupper@c                                cstackBANK0  000076
ttemp5                                   temp         000060
ttemp6                                   temp         000063
ttemp7                                   temp         000067
vfpfcnvrt@ap                             cstackBANK1  000137
vfpfcnvrt@c                              cstackBANK1  00013D
vfpfcnvrt@convarg                        cstackBANK1  000139
vfpfcnvrt@cp                             cstackBANK1  00013E
vfpfcnvrt@fmt                            cstackBANK1  000135
vfpfcnvrt@fp                             cstackBANK1  000133
vfprintf@ap                              cstackBANK1  000144
vfprintf@cfmt                            cstackBANK1  000146
vfprintf@fmt                             cstackBANK1  000142
vfprintf@fp                              cstackBANK1  000140
wtemp8                                   temp         000060


MODULE INFORMATION

Module		Function		Class		Link	Load	Size
C:\Program Files\Microchip\xc8\v3.00\pic\sources\c99\common\flge.c
		___flge        		CODE           	52DA	0000	262

C:\Program Files\Microchip\xc8\v3.00\pic\sources\c99\common\flge.c estimated size: 262

C:\Program Files\Microchip\xc8\v3.00\pic\sources\c99\common\strtof.c
		_strtof        		CODE           	0012	0000	4708

C:\Program Files\Microchip\xc8\v3.00\pic\sources\c99\common\strtof.c estimated size: 4708

C:\Program Files\Microchip\xc8\v3.00\pic\sources\c99\common\abs.c
		_abs           		CODE           	6AEC	0000	54

C:\Program Files\Microchip\xc8\v3.00\pic\sources\c99\common\abs.c estimated size: 54

C:\Program Files\Microchip\xc8\v3.00\pic\sources\c99\common\nf_fputc.c
		_fputc         		CODE           	58D2	0000	204

C:\Program Files\Microchip\xc8\v3.00\pic\sources\c99\common\nf_fputc.c estimated size: 204

C:\Program Files\Microchip\xc8\v3.00\pic\sources\c99\common\memcpy.c
		_memcpy        		CODE           	6522	0000	82

C:\Program Files\Microchip\xc8\v3.00\pic\sources\c99\common\memcpy.c estimated size: 82

C:\Program Files\Microchip\xc8\v3.00\pic\sources\c99\common\flneg.c
		___flneg       		CODE           	6A0A	0000	58

C:\Program Files\Microchip\xc8\v3.00\pic\sources\c99\common\flneg.c estimated size: 58

C:\Program Files\Microchip\xc8\v3.00\pic\sources\c99\common\fabsf.c
		_fabsf         		CODE           	6B22	0000	54

C:\Program Files\Microchip\xc8\v3.00\pic\sources\c99\common\fabsf.c estimated size: 54

C:\Program Files\Microchip\xc8\v3.00\pic\sources\c99\common\isxdigit.c
		_isxdigit      		CODE           	647A	0000	86

C:\Program Files\Microchip\xc8\v3.00\pic\sources\c99\common\isxdigit.c estimated size: 86

C:\Program Files\Microchip\xc8\v3.00\pic\sources\c99\common\__fpclassifyf.c
		___fpclassifyf 		CODE           	55EA	0000	256

C:\Program Files\Microchip\xc8\v3.00\pic\sources\c99\common\__fpclassifyf.c estimated size: 256

C:\Program Files\Microchip\xc8\v3.00\pic\sources\c99\common\Umul16.c
		___wmul        		CODE           	6CA2	0000	40

C:\Program Files\Microchip\xc8\v3.00\pic\sources\c99\common\Umul16.c estimated size: 40

C:\Program Files\Microchip\xc8\v3.00\pic\sources\c99\common\nf_sprintf.c
		_sprintf       		CODE           	6574	0000	80

C:\Program Files\Microchip\xc8\v3.00\pic\sources\c99\common\nf_sprintf.c estimated size: 80

C:\Program Files\Microchip\xc8\v3.00\pic\sources\c99\common\nanf.c
		_nanf          		CODE           	6CCA	0000	36

C:\Program Files\Microchip\xc8\v3.00\pic\sources\c99\common\nanf.c estimated size: 36

C:\Program Files\Microchip\xc8\v3.00\pic\sources\c99\common\toupper.c
		_toupper       		CODE           	6BBC	0000	48

C:\Program Files\Microchip\xc8\v3.00\pic\sources\c99\common\toupper.c estimated size: 48

C:\Program Files\Microchip\xc8\v3.00\pic\sources\c99\common\awmod.c
		___awmod       		CODE           	5BDC	0000	176

C:\Program Files\Microchip\xc8\v3.00\pic\sources\c99\common\awmod.c estimated size: 176

C:\Program Files\Microchip\xc8\v3.00\pic\sources\c99\common\floorf.c
		_floorf        		CODE           	3D38	0000	534

C:\Program Files\Microchip\xc8\v3.00\pic\sources\c99\common\floorf.c estimated size: 534

C:\Program Files\Microchip\xc8\v3.00\pic\sources\c99\common\putch.c
		_putch         		CODE           	6DA4	0000	2

C:\Program Files\Microchip\xc8\v3.00\pic\sources\c99\common\putch.c estimated size: 2

C:\Program Files\Microchip\xc8\v3.00\pic\sources\c99\common\fleq.c
		___fleq        		CODE           	5C8C	0000	172

C:\Program Files\Microchip\xc8\v3.00\pic\sources\c99\common\fleq.c estimated size: 172

C:\Program Files\Microchip\xc8\v3.00\pic\sources\c99\common\sprcmul.c
		___flmul       		CODE           	265C	0000	1064

C:\Program Files\Microchip\xc8\v3.00\pic\sources\c99\common\sprcmul.c estimated size: 1064

C:\Program Files\Microchip\xc8\v3.00\pic\sources\c99\common\Umul32.c
		___lmul        		CODE           	622A	0000	108

C:\Program Files\Microchip\xc8\v3.00\pic\sources\c99\common\Umul32.c estimated size: 108

nxlcd.c
		_BusyXLCD      		CODE           	6778	0000	70
		_putsXLCD      		CODE           	60D2	0000	116
		_DelayFor18TCY 		CODE           	6D8C	0000	10
		_DelayXLCD     		CODE           	6D38	0000	20
		_WriteCmdXLCD  		CODE           	688E	0000	68
		_OpenXLCD      		CODE           	57E0	0000	242
		_WriteDataXLCD 		CODE           	684A	0000	68
		_SetDDRamAddr  		CODE           	6732	0000	70
		_DelayPORXLCD  		CODE           	6D4C	0000	20

nxlcd.c estimated size: 684

C:\Program Files\Microchip\xc8\v3.00\pic\sources\c99\common\sprcdiv.c
		___fldiv       		CODE           	2EAA	0000	914

C:\Program Files\Microchip\xc8\v3.00\pic\sources\c99\common\sprcdiv.c estimated size: 914

shared
		i2_calcPower   		CODE           	6A44	0000	58
		i2_EEPROM_Read 		CODE           	6D72	0000	16
		i2_WriteDataXLCD		CODE           	6954	0000	62
		i2_check_password		CODE           	6B8A	0000	50
		i2_strcmp      		CODE           	63C4	0000	94
		i2___fladd     		CODE           	21A6	0000	1206
		i2___fldiv     		CODE           	323C	0000	912
		i2___fltol     		CODE           	53E0	0000	262
		__initialization		CODE           	62FE	0000	88
		i2___flge      		CODE           	54E6	0000	260
		i2_BusyXLCD    		CODE           	6804	0000	70
		i2_putsXLCD    		CODE           	61B8	0000	114
		i2___flmul     		CODE           	2A84	0000	1062
		i2_EEPROM_read_user		CODE           	6C78	0000	42
		i2_clean_lcd   		CODE           	6D20	0000	24
		i2___xxtofl    		CODE           	4656	0000	436
		i2_convert_voltage		CODE           	4F66	0000	312
		read_keypad@F4414		MEDIUMCONST    	7E33	0000	16
		i2___flsub     		CODE           	67BE	0000	70
		i2_get_password		CODE           	5E88	0000	162
		i2_read_keypad 		CODE           	480A	0000	420
		i2_WriteCmdXLCD		CODE           	6992	0000	62
		i2_convert_current		CODE           	5DE2	0000	166
		i2_DelayFor18TCY		CODE           	6D96	0000	10

shared estimated size: 5974

C:\Program Files\Microchip\xc8\v3.00\pic\sources\c99\common\xxtofl.c
		___xxtofl      		CODE           	449E	0000	440

C:\Program Files\Microchip\xc8\v3.00\pic\sources\c99\common\xxtofl.c estimated size: 440

C:\Program Files\Microchip\xc8\v3.00\pic\sources\c99\common\nf_fputs.c
		_fputs         		CODE           	66EA	0000	72

C:\Program Files\Microchip\xc8\v3.00\pic\sources\c99\common\nf_fputs.c estimated size: 72

C:\Program Files\Microchip\xc8\v3.00\pic\sources\c99\common\strcmp.c
		_strcmp        		CODE           	6364	0000	96

C:\Program Files\Microchip\xc8\v3.00\pic\sources\c99\common\strcmp.c estimated size: 96

C:\Program Files\Microchip\xc8\v3.00\pic\sources\c99\common\strcpy.c
		_strcpy        		CODE           	69D0	0000	58

C:\Program Files\Microchip\xc8\v3.00\pic\sources\c99\common\strcpy.c estimated size: 58

C:\Program Files\Microchip\xc8\v3.00\pic\sources\c99\common\awdiv.c
		___awdiv       		CODE           	5A64	0000	196

C:\Program Files\Microchip\xc8\v3.00\pic\sources\c99\common\awdiv.c estimated size: 196

C:\Program Files\Microchip\xc8\v3.00\pic\sources\c99\common\fltol.c
		___fltol       		CODE           	51D2	0000	264

C:\Program Files\Microchip\xc8\v3.00\pic\sources\c99\common\fltol.c estimated size: 264

C:\Program Files\Microchip\xc8\v3.00\pic\sources\c99\common\labs.c
		_labs          		CODE           	6422	0000	88

C:\Program Files\Microchip\xc8\v3.00\pic\sources\c99\common\labs.c estimated size: 88

main.c
		_config_screen 		CODE           	509E	0000	308
		_clean_lcd     		CODE           	6CEE	0000	26
		_initial_screen		CODE           	6C1C	0000	46
		_initSystem    		CODE           	65C4	0000	74
		_config_password_screen		CODE           	4118	0000	456
		_calcPower     		CODE           	6914	0000	64
		_EEPROM_Read   		CODE           	6D60	0000	18
		_request_password		CODE           	56EA	0000	246
		_has_passwords 		CODE           	660E	0000	74
		_EEPROM_Write  		CODE           	68D2	0000	66
		_main          		CODE           	5FCA	0000	144
		_detect_peak   		CODE           	5F2A	0000	160
		_buzzerON      		CODE           	6D08	0000	24
		_get_password  		CODE           	5B28	0000	180
		_convert_voltage		CODE           	4E26	0000	320
		_main_screen   		CODE           	38AA	0000	630
		_rate_config_screen		CODE           	3B20	0000	536
		_convert_current		CODE           	5D38	0000	170
		_EEPROM_read_user		CODE           	6BEC	0000	48
		_assign_default_password		CODE           	6AB6	0000	54
		_set_password  		CODE           	6296	0000	104
		_alert_leds    		CODE           	6658	0000	74
		_read_rate     		CODE           	4B34	0000	384
		_isr           		CODE           	0008	0000	376
		_EEPROM_write_user		CODE           	6B58	0000	50
		_check_password		CODE           	6A7E	0000	56
		_standby_detector		CODE           	605A	0000	120
		_send_alert    		CODE           	3F4E	0000	458
		_read_keypad   		CODE           	42E0	0000	446

main.c estimated size: 5712

C:\Program Files\Microchip\xc8\v3.00\pic\sources\c99\common\doprnt.c
		_read_prec_or_width		CODE           	599E	0000	198
		_vfpfcnvrt     		CODE           	35CC	0000	734
		_efgtoa        		CODE           	1276	0000	2680
		_pad           		CODE           	6146	0000	114
		_dtoa          		CODE           	49AE	0000	390
		_vfprintf      		CODE           	64D0	0000	82

C:\Program Files\Microchip\xc8\v3.00\pic\sources\c99\common\doprnt.c estimated size: 4198

C:\Program Files\Microchip\xc8\v3.00\pic\sources\c99\common\isdigit.c
		_isdigit       		CODE           	6C4A	0000	46

C:\Program Files\Microchip\xc8\v3.00\pic\sources\c99\common\isdigit.c estimated size: 46

C:\Program Files\Microchip\xc8\v3.00\pic\sources\c99\common\sprcadd.c
		___flsub       		CODE           	66A2	0000	72
		___fladd       		CODE           	1CEE	0000	1208

C:\Program Files\Microchip\xc8\v3.00\pic\sources\c99\common\sprcadd.c estimated size: 1280

