Microchip MPLAB XC8 Compiler V2.32

Linker command line:

-W-3 --edf=C:\Program Files\Microchip\xc8\v2.32\pic\dat\en_msgs.txt -cn \
  -h+dist/default/production\Project.X.production.sym \
  --cmf=dist/default/production\Project.X.production.cmf -z -Q18F4550 \
  -oC:\Users\Mateus\AppData\Local\Temp\xcAscvo.4 --defsym=__MPLAB_BUILD=1 \
  -Mdist/default/production/Project.X.production.map -E1 -ver=XC8 Compiler \
  --acfsm=1493 -ASTACK=060h-07FFh -pstack=STACK -ACODE=00h-07FFFh \
  -ACONST=00h-07FFFh -ASMALLCONST=0800h-08FFhx120 \
  -AMEDIUMCONST=0800h-07FFFh -ACOMRAM=01h-05Fh -AABS1=00h-07FFh \
  -ABIGRAM=01h-07FFh -ARAM=060h-0FFh,0100h-01FFhx7 -ABANK0=060h-0FFh \
  -ABANK1=0100h-01FFh -ABANK2=0200h-02FFh -ABANK3=0300h-03FFh \
  -ABANK4=0400h-04FFh -ABANK5=0500h-05FFh -ABANK6=0600h-06FFh \
  -ABANK7=0700h-07FFh -ASFR=0F60h-0FFFh -ACONFIG=0300000h-030000Dh \
  -AIDLOC=0200000h-0200007h -AEEDATA=0F00000h-0F000FFh -peeprom_data=EEDATA \
  -preset_vec=00h,intcode,intcodelo,powerup,init -pramtop=0800h \
  -psmallconst=SMALLCONST -pmediumconst=MEDIUMCONST -pconst=CONST \
  -AFARRAM=00h-00h \
  -prdata=COMRAM,nvrram=COMRAM,nvbit=COMRAM,rbss=COMRAM,rbit=COMRAM \
  -pfarbss=FARRAM,fardata=FARRAM,nvFARRAM=FARRAM \
  -pintsave_regs=BIGRAM,bigbss=BIGRAM,bigdata=BIGRAM -pbss=RAM \
  -pidata=CODE,irdata=CODE,ibigdata=CODE,ifardata=CODE -prparam=COMRAM \
  C:\Users\Mateus\AppData\Local\Temp\xcAscvo.o \
  dist/default/production\Project.X.production.o 

Object code version is 3.11

Machine type is 18F4550



                Name                               Link     Load   Length Selector   Space Scale
C:\Users\Mateus\AppData\Local\Temp\xcAscvo.o
                idloc                            200000   200000        8        0       5
                config                           300000   300000        E        0       4
                init                                  0        0        4        0       0
dist/default/production\Project.X.production.o
                idloc                            200000   200000        8        0       5
                config                           300000   300000        E        0       4
                smallconst                          800      800       7C      400       0
                text24                              F34      F34       40      43E       0
                text23                             10DA     10DA       32      43E       0
                text22                             11CE     11CE       10      43E       0
                text21                              EAE      EAE       46      43E       0
                text20                             10A2     10A2       38      43E       0
                text19                             110C     110C       30      43E       0
                text18                              D4E      D4E       6C      43E       0
                text17                              FF0      FF0       3E      43E       0
                text16                             11DE     11DE        A      43E       0
                text15                              E68      E68       46      43E       0
                text14                             11BE     11BE       10      43E       0
                text13                             11AC     11AC       12      43E       0
                text12                              EF4      EF4       40      43E       0
                text11                              FB2      FB2       3E      43E       0
                text10                              BAA      BAA       EE      43E       0
                text9                              113C     113C       2E      43E       0
                text8                              1194     1194       18      43E       0
                text7                               F74      F74       3E      43E       0
                text6                              106A     106A       38      43E       0
                text5                               87C      87C      1F4      43E       0
                text4                               C98      C98       B6      43E       0
                text3                               E1E      E1E       4A      43E       0
                text2                               DBA      DBA       64      43E       0
                text1                              102E     102E       3C      43E       0
                text0                               A70      A70      13A      43E       0
                cstackCOMRAM                          1        1       2E        1       1
                dataCOMRAM                           2F       2F        5        1       1
                cinit                              116A     116A       2A      43E       0
                idataCOMRAM                        11E8     11E8        5      43E       0

TOTAL           Name                               Link     Load   Length     Space
        CLASS   STACK          

        CLASS   CODE           
                init                                  0        0        4         0
                text24                              F34      F34       40         0
                text23                             10DA     10DA       32         0
                text22                             11CE     11CE       10         0
                text21                              EAE      EAE       46         0
                text20                             10A2     10A2       38         0
                text19                             110C     110C       30         0
                text18                              D4E      D4E       6C         0
                text17                              FF0      FF0       3E         0
                text16                             11DE     11DE        A         0
                text15                              E68      E68       46         0
                text14                             11BE     11BE       10         0
                text13                             11AC     11AC       12         0
                text12                              EF4      EF4       40         0
                text11                              FB2      FB2       3E         0
                text10                              BAA      BAA       EE         0
                text9                              113C     113C       2E         0
                text8                              1194     1194       18         0
                text7                               F74      F74       3E         0
                text6                              106A     106A       38         0
                text5                               87C      87C      1F4         0
                text4                               C98      C98       B6         0
                text3                               E1E      E1E       4A         0
                text2                               DBA      DBA       64         0
                text1                              102E     102E       3C         0
                text0                               A70      A70      13A         0
                cinit                              116A     116A       2A         0
                idataCOMRAM                        11E8     11E8        5         0

        CLASS   CONST          

        CLASS   SMALLCONST     
                smallconst                          800      800       7C         0

        CLASS   MEDIUMCONST    

        CLASS   COMRAM         
                cstackCOMRAM                          1        1       2E         1
                dataCOMRAM                           2F       2F        5         1

        CLASS   ABS1           

        CLASS   BIGRAM         

        CLASS   RAM            

        CLASS   BANK0          

        CLASS   BANK1          

        CLASS   BANK2          

        CLASS   BANK3          

        CLASS   BANK4          

        CLASS   BANK5          

        CLASS   BANK6          

        CLASS   BANK7          

        CLASS   SFR            

        CLASS   CONFIG         
                config                           300000   300000        E         4

        CLASS   IDLOC          
                idloc                            200000   200000        8         5

        CLASS   EEDATA         

        CLASS   FARRAM         



SEGMENTS        Name                           Load    Length   Top    Selector   Space  Class

                reset_vec                      000000  000004  000004         0       0  CODE    
                cstackCOMRAM                   000001  000033  000034         1       1  COMRAM  
                smallconst                     000800  00007C  00087C       400       0  SMALLCON
                text5                          00087C  000971  0011ED       43E       0  CODE    


UNUSED ADDRESS RANGES

        Name                Unused          Largest block    Delta
        BANK0            000060-0000FF               A0
        BANK1            000100-0001FF              100
        BANK2            000200-0002FF              100
        BANK3            000300-0003FF              100
        BANK4            000400-0004FF              100
        BANK5            000500-0005FF              100
        BANK6            000600-0006FF              100
        BANK7            000700-0007FF              100
        BIGRAM           000034-0007FF              7CC
        CODE             000004-0007FF              7FC
                         0011ED-007FFF             6E13
        COMRAM           000034-00005F               2C
        CONST            000004-0007FF              7FC
                         0011ED-007FFF             6E13
        EEDATA           F00000-F000FF              100
        MEDIUMCONST      0011ED-007FFF             6E13
        RAM              000060-0007FF              100
        SFR              000F60-000FFF               A0
        SMALLCONST       0011ED-007FFF              100
        STACK            000060-0007FF              7A0

                                  Symbol Table

?_check_password                         cstackCOMRAM 000007
?_has_passwords                          cstackCOMRAM 000002
?_isdigit                                cstackCOMRAM 000001
?_strcmp                                 cstackCOMRAM 000001
EEPROM_Read@address                      cstackCOMRAM 000001
EEPROM_Write@address                     cstackCOMRAM 000002
EEPROM_Write@data                        cstackCOMRAM 000001
EEPROM_read_user@address                 cstackCOMRAM 000004
EEPROM_read_user@i                       cstackCOMRAM 000005
EEPROM_read_user@password                cstackCOMRAM 000002
EEPROM_write_user@address                cstackCOMRAM 000005
EEPROM_write_user@i                      cstackCOMRAM 000006
EEPROM_write_user@password               cstackCOMRAM 000003
OpenXLCD@lcdtype                         cstackCOMRAM 000002
SetDDRamAddr@DDaddr                      cstackCOMRAM 000001
WriteCmdXLCD@cmd                         cstackCOMRAM 000001
WriteDataXLCD@data                       cstackCOMRAM 000001
_ADCON0                                  (abs)        000FC2
_ADCON1                                  (abs)        000FC1
_ADCON2                                  (abs)        000FC0
_BusyXLCD                                text15       000E68
_DelayFor18TCY                           text16       0011DE
_DelayPORXLCD                            text14       0011BE
_DelayXLCD                               text13       0011AC
_EEADR                                   (abs)        000FA9
_EECON1bits                              (abs)        000FA6
_EECON2                                  (abs)        000FA7
_EEDATA                                  (abs)        000FA8
_EEPROM_Read                             text22       0011CE
_EEPROM_Write                            text24       000F34
_EEPROM_read_user                        text19       00110C
_EEPROM_write_user                       text23       0010DA
_INTCONbits                              (abs)        000FF2
_LATEbits                                (abs)        000F8D
_OpenXLCD                                text10       000BAA
_PIR2bits                                (abs)        000FA1
_PORTBbits                               (abs)        000F81
_PORTD                                   (abs)        000F83
_PORTDbits                               (abs)        000F83
_RBPU                                    (abs)        007F8F
_SetDDRamAddr                            text12       000EF4
_TRISA                                   (abs)        000F92
_TRISB                                   (abs)        000F93
_TRISCbits                               (abs)        000F94
_TRISD                                   (abs)        000F95
_TRISEbits                               (abs)        000F96
_WR                                      (abs)        007D31
_WriteCmdXLCD                            text11       000FB2
_WriteDataXLCD                           text7        000F74
__HRAM                                   (abs)        000000
__Habs1                                  abs1         000000
__Hbank0                                 bank0        000000
__Hbank1                                 bank1        000000
__Hbank2                                 bank2        000000
__Hbank3                                 bank3        000000
__Hbank4                                 bank4        000000
__Hbank5                                 bank5        000000
__Hbank6                                 bank6        000000
__Hbank7                                 bank7        000000
__Hbigbss                                bigbss       000000
__Hbigdata                               bigdata      000000
__Hbigram                                bigram       000000
__Hbss                                   bss          000000
__Hcinit                                 cinit        000000
__Hclrtext                               clrtext      000000
__Hcomram                                comram       000000
__Hconfig                                config       30000E
__Hconst                                 const        000000
__HcstackCOMRAM                          cstackCOMRAM 000000
__Hdata                                  data         000000
__HdataCOMRAM                            dataCOMRAM   000000
__Heeprom_data                           eeprom_data  000000
__Hfarbss                                farbss       000000
__Hfardata                               fardata      000000
__Hibigdata                              ibigdata     000000
__Hidata                                 idata        000000
__HidataCOMRAM                           idataCOMRAM  000000
__Hidloc                                 idloc        200008
__Hifardata                              ifardata     000000
__Hinit                                  init         000004
__Hintcode                               intcode      000000
__Hintcode_body                          intcode_body 000000
__Hintcodelo                             intcodelo    000000
__Hintentry                              intentry     000000
__Hintret                                intret       000000
__Hintsave_regs                          intsave_regs 000000
__Hirdata                                irdata       000000
__Hmediumconst                           mediumconst  000000
__HnvFARRAM                              nvFARRAM     000000
__Hnvbit                                 nvbit        000000
__Hnvrram                                nvrram       000000
__Hparam                                 rparam       000000
__Hpowerup                               powerup      000000
__Hram                                   ram          000000
__Hramtop                                ramtop       000800
__Hrbit                                  rbit         000000
__Hrbss                                  rbss         000000
__Hrdata                                 rdata        000000
__Hreset_vec                             reset_vec    000000
__Hrparam                                rparam       000000
__Hsfr                                   sfr          000000
__Hsmallconst                            smallconst   00087C
__Hspace_0                               (abs)        0011ED
__Hspace_1                               (abs)        000034
__Hspace_2                               (abs)        000000
__Hspace_4                               (abs)        60000E
__Hstack                                 stack        000000
__Hstruct                                struct       000000
__Htemp                                  temp         000000
__Htext                                  text         000000
__Htext0                                 text0        000000
__Htext1                                 text1        000000
__Htext10                                text10       000000
__Htext11                                text11       000000
__Htext12                                text12       000000
__Htext13                                text13       000000
__Htext14                                text14       000000
__Htext15                                text15       000000
__Htext16                                text16       000000
__Htext17                                text17       000000
__Htext18                                text18       000000
__Htext19                                text19       000000
__Htext2                                 text2        000000
__Htext20                                text20       000000
__Htext21                                text21       000000
__Htext22                                text22       000000
__Htext23                                text23       000000
__Htext24                                text24       000000
__Htext3                                 text3        000000
__Htext4                                 text4        000000
__Htext5                                 text5        000000
__Htext6                                 text6        000000
__Htext7                                 text7        000000
__Htext8                                 text8        000000
__Htext9                                 text9        000000
__LRAM                                   (abs)        000001
__Labs1                                  abs1         000000
__Lbank0                                 bank0        000000
__Lbank1                                 bank1        000000
__Lbank2                                 bank2        000000
__Lbank3                                 bank3        000000
__Lbank4                                 bank4        000000
__Lbank5                                 bank5        000000
__Lbank6                                 bank6        000000
__Lbank7                                 bank7        000000
__Lbigbss                                bigbss       000000
__Lbigdata                               bigdata      000000
__Lbigram                                bigram       000000
__Lbss                                   bss          000000
__Lcinit                                 cinit        000000
__Lclrtext                               clrtext      000000
__Lcomram                                comram       000000
__Lconfig                                config       000000
__Lconst                                 const        000000
__LcstackCOMRAM                          cstackCOMRAM 000000
__Ldata                                  data         000000
__LdataCOMRAM                            dataCOMRAM   000000
__Leeprom_data                           eeprom_data  000000
__Lfarbss                                farbss       000000
__Lfardata                               fardata      000000
__Libigdata                              ibigdata     000000
__Lidata                                 idata        000000
__LidataCOMRAM                           idataCOMRAM  000000
__Lidloc                                 idloc        000000
__Lifardata                              ifardata     000000
__Linit                                  init         000000
__Lintcode                               intcode      000000
__Lintcode_body                          intcode_body 000000
__Lintcodelo                             intcodelo    000000
__Lintentry                              intentry     000000
__Lintret                                intret       000000
__Lintsave_regs                          intsave_regs 000000
__Lirdata                                irdata       000000
__Lmediumconst                           mediumconst  000000
__LnvFARRAM                              nvFARRAM     000000
__Lnvbit                                 nvbit        000000
__Lnvrram                                nvrram       000000
__Lparam                                 rparam       000000
__Lpowerup                               powerup      000000
__Lram                                   ram          000000
__Lramtop                                ramtop       000800
__Lrbit                                  rbit         000000
__Lrbss                                  rbss         000000
__Lrdata                                 rdata        000000
__Lreset_vec                             reset_vec    000000
__Lrparam                                rparam       000000
__Lsfr                                   sfr          000000
__Lsmallconst                            smallconst   000800
__Lspace_0                               (abs)        000000
__Lspace_1                               (abs)        000000
__Lspace_2                               (abs)        000000
__Lspace_4                               (abs)        000000
__Lstack                                 stack        000000
__Lstruct                                struct       000000
__Ltemp                                  temp         000000
__Ltext                                  text         000000
__Ltext0                                 text0        000000
__Ltext1                                 text1        000000
__Ltext10                                text10       000000
__Ltext11                                text11       000000
__Ltext12                                text12       000000
__Ltext13                                text13       000000
__Ltext14                                text14       000000
__Ltext15                                text15       000000
__Ltext16                                text16       000000
__Ltext17                                text17       000000
__Ltext18                                text18       000000
__Ltext19                                text19       000000
__Ltext2                                 text2        000000
__Ltext20                                text20       000000
__Ltext21                                text21       000000
__Ltext22                                text22       000000
__Ltext23                                text23       000000
__Ltext24                                text24       000000
__Ltext3                                 text3        000000
__Ltext4                                 text4        000000
__Ltext5                                 text5        000000
__Ltext6                                 text6        000000
__Ltext7                                 text7        000000
__Ltext8                                 text8        000000
__Ltext9                                 text9        000000
__S0                                     (abs)        0011ED
__S1                                     (abs)        000034
__S2                                     (abs)        000000
__S4                                     (abs)        000000
__S5                                     (abs)        000000
___inthi_sp                              stack        000000
___intlo_sp                              stack        000000
___param_bank                            (abs)        000000
___rparam_used                           (abs)        000001
___sp                                    stack        000000
__accesstop                              (abs)        000060
__activetblptr                           (abs)        000002
__end_of_BusyXLCD                        text15       000EAE
__end_of_DelayFor18TCY                   text16       0011E8
__end_of_DelayPORXLCD                    text14       0011CE
__end_of_DelayXLCD                       text13       0011BE
__end_of_EEPROM_Read                     text22       0011DE
__end_of_EEPROM_Write                    text24       000F74
__end_of_EEPROM_read_user                text19       00113C
__end_of_EEPROM_write_user               text23       00110C
__end_of_OpenXLCD                        text10       000C98
__end_of_SetDDRamAddr                    text12       000F34
__end_of_WriteCmdXLCD                    text11       000FF0
__end_of_WriteDataXLCD                   text7        000FB2
__end_of__initialization                 cinit        00118A
__end_of_assign_default_password         text20       0010DA
__end_of_check_password                  text17       00102E
__end_of_clean_lcd                       text8        0011AC
__end_of_get_password                    text4        000D4E
__end_of_has_passwords                   text21       000EF4
__end_of_initSystem                      text9        00116A
__end_of_isdigit                         text6        0010A2
__end_of_main                            text0        000BAA
__end_of_putsXLCD                        text3        000E68
__end_of_read_keypad                     text5        000A70
__end_of_set_password                    text2        000E1E
__end_of_show_initial                    text1        00106A
__end_of_strcmp                          text18       000DBA
__end_ofread_keypad@F4231                smallconst   000811
__initialization                         cinit        00116A
__mediumconst                            mediumconst  000000
__pcinit                                 cinit        00116A
__pcstackCOMRAM                          cstackCOMRAM 000001
__pdataCOMRAM                            dataCOMRAM   00002F
__pidataCOMRAM                           idataCOMRAM  0011E8
__psmallconst                            smallconst   000800
__ptext0                                 text0        000A70
__ptext1                                 text1        00102E
__ptext10                                text10       000BAA
__ptext11                                text11       000FB2
__ptext12                                text12       000EF4
__ptext13                                text13       0011AC
__ptext14                                text14       0011BE
__ptext15                                text15       000E68
__ptext16                                text16       0011DE
__ptext17                                text17       000FF0
__ptext18                                text18       000D4E
__ptext19                                text19       00110C
__ptext2                                 text2        000DBA
__ptext20                                text20       0010A2
__ptext21                                text21       000EAE
__ptext22                                text22       0011CE
__ptext23                                text23       0010DA
__ptext24                                text24       000F34
__ptext3                                 text3        000E1E
__ptext4                                 text4        000C98
__ptext5                                 text5        00087C
__ptext6                                 text6        00106A
__ptext7                                 text7        000F74
__ptext8                                 text8        001194
__ptext9                                 text9        00113C
__ramtop                                 ramtop       000800
__size_of_BusyXLCD                       (abs)        000000
__size_of_DelayFor18TCY                  (abs)        000000
__size_of_DelayPORXLCD                   (abs)        000000
__size_of_DelayXLCD                      (abs)        000000
__size_of_EEPROM_Read                    (abs)        000000
__size_of_EEPROM_Write                   (abs)        000000
__size_of_EEPROM_read_user               (abs)        000000
__size_of_EEPROM_write_user              (abs)        000000
__size_of_OpenXLCD                       (abs)        000000
__size_of_SetDDRamAddr                   (abs)        000000
__size_of_WriteCmdXLCD                   (abs)        000000
__size_of_WriteDataXLCD                  (abs)        000000
__size_of_assign_default_password        (abs)        000000
__size_of_check_password                 (abs)        000000
__size_of_clean_lcd                      (abs)        000000
__size_of_get_password                   (abs)        000000
__size_of_has_passwords                  (abs)        000000
__size_of_initSystem                     (abs)        000000
__size_of_isdigit                        (abs)        000000
__size_of_main                           (abs)        000000
__size_of_putsXLCD                       (abs)        000000
__size_of_read_keypad                    (abs)        000000
__size_of_set_password                   (abs)        000000
__size_of_show_initial                   (abs)        000000
__size_of_strcmp                         (abs)        000000
__smallconst                             smallconst   000800
_assign_default_password                 text20       0010A2
_check_password                          text17       000FF0
_clean_lcd                               text8        001194
_get_password                            text4        000C98
_get_password$469                        cstackCOMRAM 00001B
_has_passwords                           text21       000EAE
_initSystem                              text9        00113C
_isdigit                                 text6        00106A
_main                                    text0        000A70
_putsXLCD                                text3        000E1E
_read_keypad                             text5        00087C
_set_password                            text2        000DBA
_show_initial                            text1        00102E
_strcmp                                  text18       000D4E
assign_default_password@F4252            dataCOMRAM   00002F
assign_default_password@default_password cstackCOMRAM 000007
check_password@input                     cstackCOMRAM 000007
check_password@stored_password           cstackCOMRAM 000009
end_of_initialization                    cinit        00118A
get_password@index                       cstackCOMRAM 00001D
get_password@key                         cstackCOMRAM 00001F
get_password@password                    cstackCOMRAM 000015
has_passwords@address                    cstackCOMRAM 000004
intlevel0                                text         000000
intlevel1                                text         000000
intlevel2                                text         000000
intlevel3                                text         000000
isa$std                                  (abs)        000001
isa$xinst                                (abs)        000000
isdigit@c                                cstackCOMRAM 000001
main@key                                 cstackCOMRAM 00002E
main@password                            cstackCOMRAM 000029
putsXLCD@buffer                          cstackCOMRAM 000002
read_keypad@F4231                        smallconst   000801
read_keypad@col                          cstackCOMRAM 000013
read_keypad@keys                         cstackCOMRAM 000003
set_password@new_password                cstackCOMRAM 000022
stackhi                                  (abs)        0007FF
stacklo                                  (abs)        000060
start                                    init         000000
start_initialization                     cinit        00116A
strcmp@l                                 cstackCOMRAM 000001
strcmp@r                                 cstackCOMRAM 000003


MODULE INFORMATION

Module		Function		Class		Link	Load	Size
C:\Program Files\Microchip\xc8\v2.32\pic\sources\c99\common\isdigit.c
		_isdigit       		CODE           	106A	0000	56

C:\Program Files\Microchip\xc8\v2.32\pic\sources\c99\common\isdigit.c estimated size: 56

nxlcd.c
		_BusyXLCD      		CODE           	0E68	0000	70
		_putsXLCD      		CODE           	0E1E	0000	74
		_DelayFor18TCY 		CODE           	11DE	0000	10
		_DelayXLCD     		CODE           	11AC	0000	18
		_WriteCmdXLCD  		CODE           	0FB2	0000	62
		_OpenXLCD      		CODE           	0BAA	0000	238
		_WriteDataXLCD 		CODE           	0F74	0000	62
		_SetDDRamAddr  		CODE           	0EF4	0000	64
		_DelayPORXLCD  		CODE           	11BE	0000	16

nxlcd.c estimated size: 614

shared
		__initialization		CODE           	116A	0000	32
		read_keypad@F4231		SMALLCONST     	0801	0000	16

shared estimated size: 48

main.c
		_clean_lcd     		CODE           	1194	0000	24
		_initSystem    		CODE           	113C	0000	46
		_EEPROM_Read   		CODE           	11CE	0000	16
		_has_passwords 		CODE           	0EAE	0000	70
		_EEPROM_Write  		CODE           	0F34	0000	64
		_main          		CODE           	0A70	0000	314
		_get_password  		CODE           	0C98	0000	182
		_EEPROM_read_user		CODE           	110C	0000	48
		_assign_default_password		CODE           	10A2	0000	56
		_set_password  		CODE           	0DBA	0000	100
		_EEPROM_write_user		CODE           	10DA	0000	50
		_check_password		CODE           	0FF0	0000	62
		_show_initial  		CODE           	102E	0000	60
		_read_keypad   		CODE           	087C	0000	500

main.c estimated size: 1592

C:\Program Files\Microchip\xc8\v2.32\pic\sources\c99\common\strcmp.c
		_strcmp        		CODE           	0D4E	0000	108

C:\Program Files\Microchip\xc8\v2.32\pic\sources\c99\common\strcmp.c estimated size: 108

